// Vitest Snapshot v1, https://vitest.dev/guide/snapshot.html

exports[`browser (ssr: true) > cloudflare should render images 1`] = `
[
  "https://that-test.site/cdn-cgi/image/h=300,fit=contain/https://s3.that-test.site/burger.jpeg",
]
`;

exports[`browser (ssr: true) > cloudflare should render images 2`] = `
[
  "https://that-test.site/cdn-cgi/image/h=300,fit=contain/https://s3.that-test.site/burger.jpeg",
]
`;

exports[`browser (ssr: true) > cloudimage should render images 1`] = `
[
  "https://demo.cloudimg.io/v7/sample.li/bag.jpg?width=500&height=500&func=fit",
  "https://demo.cloudimg.io/v7/sample.li/boat.jpg?width=800&height=800&q=75&func=crop",
  "https://demo.cloudimg.io/v7/sample.li/img.jpg?width=300&height=300&force_format=webp&func=cover",
]
`;

exports[`browser (ssr: true) > cloudimage should render images 2`] = `
[
  "https://demo.cloudimg.io/v7/sample.li/bag.jpg?width=500&height=500&func=fit",
  "https://demo.cloudimg.io/v7/sample.li/boat.jpg?width=800&height=800&q=75&func=crop",
  "https://demo.cloudimg.io/v7/sample.li/img.jpg?width=300&height=300&force_format=webp&func=cover",
]
`;

exports[`browser (ssr: true) > cloudinary should render images 1`] = `
[
  "https://res.cloudinary.com/nuxt/image/upload/f_auto,q_auto/remote/nuxt-org/blog/going-full-static/main",
  "https://res.cloudinary.com/nuxt/image/upload/f_auto,q_auto,w_200,h_200,c_crop/remote/nuxt-org/blog/going-full-static/main",
  "https://res.cloudinary.com/nuxt/image/upload/f_auto,q_auto,w_200,h_200,c_thumb/remote/nuxt-org/blog/going-full-static/main",
]
`;

exports[`browser (ssr: true) > cloudinary should render images 2`] = `
[
  "https://res.cloudinary.com/nuxt/image/upload/f_auto,q_auto/remote/nuxt-org/blog/going-full-static/main",
  "https://res.cloudinary.com/nuxt/image/upload/f_auto,q_auto,w_200,h_200,c_crop/remote/nuxt-org/blog/going-full-static/main",
  "https://res.cloudinary.com/nuxt/image/upload/f_auto,q_auto,w_200,h_200,c_thumb/remote/nuxt-org/blog/going-full-static/main",
]
`;

exports[`browser (ssr: true) > contentful should render images 1`] = `
[
  "https://images.ctfassets.net/fbr4i5aajb0w/6y0psij2o02YIwGScEo4kS/1b3f09b8fcedece1d17ea58417b55eb4/photo-1421986527537-888d998adb74.jpeg",
  "https://images.ctfassets.net/fbr4i5aajb0w/6y0psij2o02YIwGScEo4kS/1b3f09b8fcedece1d17ea58417b55eb4/photo-1421986527537-888d998adb74.jpeg?w=200&h=133",
  "https://images.ctfassets.net/fbr4i5aajb0w/6y0psij2o02YIwGScEo4kS/1b3f09b8fcedece1d17ea58417b55eb4/photo-1421986527537-888d998adb74.jpeg?w=200&h=200&fit=fill",
]
`;

exports[`browser (ssr: true) > contentful should render images 2`] = `
[
  "https://images.ctfassets.net/fbr4i5aajb0w/6y0psij2o02YIwGScEo4kS/1b3f09b8fcedece1d17ea58417b55eb4/photo-1421986527537-888d998adb74.jpeg",
  "https://images.ctfassets.net/fbr4i5aajb0w/6y0psij2o02YIwGScEo4kS/1b3f09b8fcedece1d17ea58417b55eb4/photo-1421986527537-888d998adb74.jpeg?w=200&h=133",
  "https://images.ctfassets.net/fbr4i5aajb0w/6y0psij2o02YIwGScEo4kS/1b3f09b8fcedece1d17ea58417b55eb4/photo-1421986527537-888d998adb74.jpeg?w=200&h=200&fit=fill",
]
`;

exports[`browser (ssr: true) > directus should render images 1`] = `
[
  "http://localhost:8055/assets/ad514db1-eb90-4523-8183-46781437e7ee",
  "http://localhost:8055/assets/ad514db1-eb90-4523-8183-46781437e7ee.jpg?withoutEnlargement=true&width=1024&height=256&fit=cover",
  "http://localhost:8055/assets/ad514db1-eb90-4523-8183-46781437e7ee?width=256&format=webp",
  "http://localhost:8055/assets/ad514db1-eb90-4523-8183-46781437e7ee?withoutEnlargement=true&transforms=%5B%5B%22blur%22%2C4%5D%2C%5B%22negate%22%5D%5D&width=256&format=webp",
]
`;

exports[`browser (ssr: true) > directus should render images 2`] = `
[
  "http://localhost:8055/assets/ad514db1-eb90-4523-8183-46781437e7ee",
  "http://localhost:8055/assets/ad514db1-eb90-4523-8183-46781437e7ee.jpg?withoutEnlargement=true&width=1024&height=256&fit=cover",
  "http://localhost:8055/assets/ad514db1-eb90-4523-8183-46781437e7ee?width=256&format=webp",
  "http://localhost:8055/assets/ad514db1-eb90-4523-8183-46781437e7ee?withoutEnlargement=true&transforms=%5B%5B%22blur%22%2C4%5D%2C%5B%22negate%22%5D%5D&width=256&format=webp",
]
`;

exports[`browser (ssr: true) > edgio should render images 1`] = `
[
  "https://opt.moovweb.net/?img=https://i.imgur.com/LFtQeX2.jpeg&height=200",
  "https://opt.moovweb.net/?img=https://i.imgur.com/LFtQeX2.jpeg&width=50",
  "https://opt.moovweb.net/?img=https://i.imgur.com/LFtQeX2.jpeg&quality=10",
]
`;

exports[`browser (ssr: true) > edgio should render images 2`] = `
[
  "https://opt.moovweb.net/?img=https://i.imgur.com/LFtQeX2.jpeg&height=200",
  "https://opt.moovweb.net/?img=https://i.imgur.com/LFtQeX2.jpeg&width=50",
  "https://opt.moovweb.net/?img=https://i.imgur.com/LFtQeX2.jpeg&quality=10",
]
`;

exports[`browser (ssr: true) > fastly should render images 1`] = `
[
  "https://www.fastly.io/image.jpg",
  "https://www.fastly.io/plant.jpeg",
]
`;

exports[`browser (ssr: true) > fastly should render images 2`] = `
[
  "https://www.fastly.io/image.jpg",
  "https://www.fastly.io/plant.jpeg",
]
`;

exports[`browser (ssr: true) > glide should render images 1`] = `
[
  "https://glide.herokuapp.com/1.0/kayaks.jpg?gam=0.9&sharp=8&w=1000&q=70",
]
`;

exports[`browser (ssr: true) > glide should render images 2`] = `
[
  "https://glide.herokuapp.com/1.0/kayaks.jpg?gam=0.9&sharp=8&w=1000&q=70",
]
`;

exports[`browser (ssr: true) > gumlet should render images 1`] = `
[
  "https://demo.gumlet.io/sea.jpeg?w=300&h=300&fit=crop",
]
`;

exports[`browser (ssr: true) > gumlet should render images 2`] = `
[
  "https://demo.gumlet.io/sea.jpeg?w=300&h=300&fit=crop",
]
`;

exports[`browser (ssr: true) > imageengine should render images 1`] = `
[
  "https://abc123.imgeng.in/images/image.jpg?imgeng=/meta_true/s_10/w_300/h_300/m_box",
]
`;

exports[`browser (ssr: true) > imageengine should render images 2`] = `
[
  "https://abc123.imgeng.in/images/image.jpg?imgeng=/meta_true/s_10/w_300/h_300/m_box",
]
`;

exports[`browser (ssr: true) > imagekit should render images 1`] = `
[
  "https://ik.imagekit.io/demo/girl.jpeg",
  "https://ik.imagekit.io/demo/girl.jpeg?tr=w-400,h-300,c-force",
  "https://ik.imagekit.io/demo/girl.jpeg?tr=fo-auto,w-200,h-300",
  "https://ik.imagekit.io/demo/girl.jpeg?tr=fo-face,w-150,h-150",
  "https://ik.imagekit.io/demo/girl.jpeg?tr=fo-face,r-max,w-150,h-150",
]
`;

exports[`browser (ssr: true) > imagekit should render images 2`] = `
[
  "https://ik.imagekit.io/demo/girl.jpeg",
  "https://ik.imagekit.io/demo/girl.jpeg?tr=w-400,h-300,c-force",
  "https://ik.imagekit.io/demo/girl.jpeg?tr=fo-auto,w-200,h-300",
  "https://ik.imagekit.io/demo/girl.jpeg?tr=fo-face,w-150,h-150",
  "https://ik.imagekit.io/demo/girl.jpeg?tr=fo-face,r-max,w-150,h-150",
]
`;

exports[`browser (ssr: true) > imgix should render images 1`] = `
[
  "https://assets.imgix.net/remote/nuxt-org/blog/woman-hat.jpg?w=300&h=300&fit=crop",
]
`;

exports[`browser (ssr: true) > imgix should render images 2`] = `
[
  "https://assets.imgix.net/remote/nuxt-org/blog/woman-hat.jpg?w=300&h=300&fit=crop",
]
`;

exports[`browser (ssr: true) > ipx should render images 1`] = `
[
  "/_ipx/s_300x300/images/colors.jpg",
  "/_ipx/s_300x300/images/everest.jpg",
  "/_ipx/s_300x300/images/tacos.svg",
  "/_ipx/s_300x300/unsplash/photo-1606112219348-204d7d8b94ee",
]
`;

exports[`browser (ssr: true) > ipx should render images 2`] = `
[
  "/_ipx/s_300x300/images/colors.jpg",
  "/_ipx/s_300x300/images/everest.jpg",
  "/_ipx/s_300x300/images/tacos.svg",
  "/_ipx/s_300x300/unsplash/photo-1606112219348-204d7d8b94ee",
]
`;

exports[`browser (ssr: true) > layer0 should render images 1`] = `
[
  "https://opt.moovweb.net/?img=https://i.imgur.com/LFtQeX2.jpeg&height=200",
  "https://opt.moovweb.net/?img=https://i.imgur.com/LFtQeX2.jpeg&width=50",
  "https://opt.moovweb.net/?img=https://i.imgur.com/LFtQeX2.jpeg&quality=10",
]
`;

exports[`browser (ssr: true) > layer0 should render images 2`] = `
[
  "https://opt.moovweb.net/?img=https://i.imgur.com/LFtQeX2.jpeg&height=200",
  "https://opt.moovweb.net/?img=https://i.imgur.com/LFtQeX2.jpeg&width=50",
  "https://opt.moovweb.net/?img=https://i.imgur.com/LFtQeX2.jpeg&quality=10",
]
`;

exports[`browser (ssr: true) > netlify should render images 1`] = `
[
  "https://netlify-photo-gallery.netlify.app/images/apple.jpg?w=101&nf_resize=fit",
  "https://netlify-photo-gallery.netlify.app/images/apple.jpg?w=200&h=200&nf_resize=smartcrop",
]
`;

exports[`browser (ssr: true) > netlify should render images 2`] = `
[
  "https://netlify-photo-gallery.netlify.app/images/apple.jpg?w=101&nf_resize=fit",
  "https://netlify-photo-gallery.netlify.app/images/apple.jpg?w=200&h=200&nf_resize=smartcrop",
]
`;

exports[`browser (ssr: true) > none should render images 1`] = `
[
  "/images/colors.jpg",
  "/images/everest.jpg",
  "/images/tacos.svg",
  "https://images.unsplash.com/photo-1606112219348-204d7d8b94ee",
]
`;

exports[`browser (ssr: true) > none should render images 2`] = `
[
  "/images/colors.jpg",
  "/images/everest.jpg",
  "/images/tacos.svg",
  "https://images.unsplash.com/photo-1606112219348-204d7d8b94ee",
]
`;

exports[`browser (ssr: true) > prepr should render images 1`] = `
[
  "https://nuxt-prepr-demo.stream.prepr.io/q_5/4rhkcc7xzk7d-claymemoirscom-spider-pic.jpg",
  "https://nuxt-prepr-demo.stream.prepr.io/h_200/4rhkcc7xzk7d-claymemoirscom-spider-pic.jpg",
  "https://nuxt-prepr-demo.stream.prepr.io/w_200/4rhkcc7xzk7d-claymemoirscom-spider-pic.jpg",
  "https://nuxt-prepr-demo.stream.prepr.io/w_200,h_200/4rhkcc7xzk7d-claymemoirscom-spider-pic.jpg",
  "https://nuxt-prepr-demo.stream.prepr.io/w_250,h_250/4rhkcc7xzk7d-claymemoirscom-spider-pic.jpg",
  "https://nuxt-prepr-demo.stream.prepr.io/c_southeast,w_250,h_200/4rhkcc7xzk7d-claymemoirscom-spider-pic.jpg",
  "https://nuxt-prepr-demo.stream.prepr.io/c_centre,w_250,h_200/4rhkcc7xzk7d-claymemoirscom-spider-pic.jpg",
  "https://nuxt-prepr-demo.stream.prepr.io/w_250,h_200,fit_crop/4rhkcc7xzk7d-claymemoirscom-spider-pic.jpg",
]
`;

exports[`browser (ssr: true) > prepr should render images 2`] = `
[
  "https://nuxt-prepr-demo.stream.prepr.io/q_5/4rhkcc7xzk7d-claymemoirscom-spider-pic.jpg",
  "https://nuxt-prepr-demo.stream.prepr.io/h_200/4rhkcc7xzk7d-claymemoirscom-spider-pic.jpg",
  "https://nuxt-prepr-demo.stream.prepr.io/w_200/4rhkcc7xzk7d-claymemoirscom-spider-pic.jpg",
  "https://nuxt-prepr-demo.stream.prepr.io/w_200,h_200/4rhkcc7xzk7d-claymemoirscom-spider-pic.jpg",
  "https://nuxt-prepr-demo.stream.prepr.io/w_250,h_250/4rhkcc7xzk7d-claymemoirscom-spider-pic.jpg",
  "https://nuxt-prepr-demo.stream.prepr.io/c_southeast,w_250,h_200/4rhkcc7xzk7d-claymemoirscom-spider-pic.jpg",
  "https://nuxt-prepr-demo.stream.prepr.io/c_centre,w_250,h_200/4rhkcc7xzk7d-claymemoirscom-spider-pic.jpg",
  "https://nuxt-prepr-demo.stream.prepr.io/w_250,h_200,fit_crop/4rhkcc7xzk7d-claymemoirscom-spider-pic.jpg",
]
`;

exports[`browser (ssr: true) > prismic should render images 1`] = `
[
  "https://images.prismic.io/200629-sms-hoy/f596a543-d593-4296-9abd-3d3ac15f1e39_ray-hennessy-mpw37yXc_WQ-unsplash.jpg?auto=compress,format&w=600&h=900",
  "https://images.prismic.io/200629-sms-hoy/f596a543-d593-4296-9abd-3d3ac15f1e39_ray-hennessy-mpw37yXc_WQ-unsplash.jpg?auto=compress,format&w=200&h=900",
  "https://images.prismic.io/200629-sms-hoy/f596a543-d593-4296-9abd-3d3ac15f1e39_ray-hennessy-mpw37yXc_WQ-unsplash.jpg?auto=compress,format&w=600&h=200",
  "https://images.prismic.io/200629-sms-hoy/f596a543-d593-4296-9abd-3d3ac15f1e39_ray-hennessy-mpw37yXc_WQ-unsplash.jpg?auto=compress,format&w=200&h=200&fit=crop",
]
`;

exports[`browser (ssr: true) > prismic should render images 2`] = `
[
  "https://images.prismic.io/200629-sms-hoy/f596a543-d593-4296-9abd-3d3ac15f1e39_ray-hennessy-mpw37yXc_WQ-unsplash.jpg?auto=compress,format&w=600&h=900",
  "https://images.prismic.io/200629-sms-hoy/f596a543-d593-4296-9abd-3d3ac15f1e39_ray-hennessy-mpw37yXc_WQ-unsplash.jpg?auto=compress,format&w=200&h=900",
  "https://images.prismic.io/200629-sms-hoy/f596a543-d593-4296-9abd-3d3ac15f1e39_ray-hennessy-mpw37yXc_WQ-unsplash.jpg?auto=compress,format&w=600&h=200",
  "https://images.prismic.io/200629-sms-hoy/f596a543-d593-4296-9abd-3d3ac15f1e39_ray-hennessy-mpw37yXc_WQ-unsplash.jpg?auto=compress,format&w=200&h=200&fit=crop",
]
`;

exports[`browser (ssr: true) > sanity should render images 1`] = `
[
  "https://cdn.sanity.io/images/zp7mbokg/production/G3i4emG6B8JnTmGoN0UjgAp8-300x450.jpg?auto=format",
  "https://cdn.sanity.io/images/zp7mbokg/production/G3i4emG6B8JnTmGoN0UjgAp8-300x450.jpg?w=200&h=200&fit=scale&auto=format",
  "https://cdn.sanity.io/images/zp7mbokg/production/G3i4emG6B8JnTmGoN0UjgAp8-300x450.jpg?w=200&h=200&fit=crop&auto=format",
  "https://cdn.sanity.io/images/zp7mbokg/production/G3i4emG6B8JnTmGoN0UjgAp8-300x450.jpg?w=200&h=200&fit=fill&auto=format&bg=ffffff",
  "https://cdn.sanity.io/images/zp7mbokg/production/G3i4emG6B8JnTmGoN0UjgAp8-300x450.jpg?w=200&rect=71,4,229,280&fp-x=0.4469178082191783&fp-y=0.32778302629507167&auto=format",
]
`;

exports[`browser (ssr: true) > sanity should render images 2`] = `
[
  "https://cdn.sanity.io/images/zp7mbokg/production/G3i4emG6B8JnTmGoN0UjgAp8-300x450.jpg?auto=format",
  "https://cdn.sanity.io/images/zp7mbokg/production/G3i4emG6B8JnTmGoN0UjgAp8-300x450.jpg?w=200&h=200&fit=scale&auto=format",
  "https://cdn.sanity.io/images/zp7mbokg/production/G3i4emG6B8JnTmGoN0UjgAp8-300x450.jpg?w=200&h=200&fit=crop&auto=format",
  "https://cdn.sanity.io/images/zp7mbokg/production/G3i4emG6B8JnTmGoN0UjgAp8-300x450.jpg?w=200&h=200&fit=fill&auto=format&bg=ffffff",
  "https://cdn.sanity.io/images/zp7mbokg/production/G3i4emG6B8JnTmGoN0UjgAp8-300x450.jpg?w=200&rect=71,4,229,280&fp-x=0.4469178082191783&fp-y=0.32778302629507167&auto=format",
]
`;

exports[`browser (ssr: true) > storyblok should render images 1`] = `
[
  "https://a.storyblok.com/f/39898/3310x2192/e4ec08624e/demo-image.jpeg",
  "https://a.storyblok.com/f/39898/3310x2192/e4ec08624e/demo-image.jpeg/m/500x500",
  "https://a.storyblok.com/f/39898/3310x2192/e4ec08624e/demo-image.jpeg/m/500x0",
  "https://a.storyblok.com/f/39898/3310x2192/e4ec08624e/demo-image.jpeg/m/0x500",
  "https://a.storyblok.com/f/39898/3310x2192/e4ec08624e/demo-image.jpeg/m/fit-in/200x200",
  "https://a.storyblok.com/f/39898/3310x2192/e4ec08624e/demo-image.jpeg/m/200x0/filters:format(webp)",
  "https://a.storyblok.com/f/39898/2250x1500/c15735a73c/demo-image-human.jpeg/m/600x130",
  "https://a.storyblok.com/f/39898/2250x1500/c15735a73c/demo-image-human.jpeg/m/600x130",
  "https://a.storyblok.com/f/39898/2250x1500/c15735a73c/demo-image-human.jpeg/m/600x130",
  "https://a.storyblok.com/f/39898/2250x1500/c15735a73c/demo-image-human.jpeg/m/600x130",
]
`;

exports[`browser (ssr: true) > storyblok should render images 2`] = `
[
  "https://a.storyblok.com/f/39898/3310x2192/e4ec08624e/demo-image.jpeg",
  "https://a.storyblok.com/f/39898/3310x2192/e4ec08624e/demo-image.jpeg/m/500x500",
  "https://a.storyblok.com/f/39898/3310x2192/e4ec08624e/demo-image.jpeg/m/500x0",
  "https://a.storyblok.com/f/39898/3310x2192/e4ec08624e/demo-image.jpeg/m/0x500",
  "https://a.storyblok.com/f/39898/3310x2192/e4ec08624e/demo-image.jpeg/m/fit-in/200x200",
  "https://a.storyblok.com/f/39898/3310x2192/e4ec08624e/demo-image.jpeg/m/200x0/filters:format(webp)",
  "https://a.storyblok.com/f/39898/2250x1500/c15735a73c/demo-image-human.jpeg/m/600x130",
]
`;

exports[`browser (ssr: true) > strapi should render images 1`] = `
[
  "http://localhost:1337/uploads/4d9z1eiyo2gmf6gd7xhp_823ae510e8.png",
  "http://localhost:1337/uploads/thumbnail_4d9z1eiyo2gmf6gd7xhp_823ae510e8.png",
  "http://localhost:1337/uploads/small_4d9z1eiyo2gmf6gd7xhp_823ae510e8.png",
  "http://localhost:1337/uploads/medium_4d9z1eiyo2gmf6gd7xhp_823ae510e8.png",
  "http://localhost:1337/uploads/large_4d9z1eiyo2gmf6gd7xhp_823ae510e8.png",
]
`;

exports[`browser (ssr: true) > strapi should render images 2`] = `
[
  "http://localhost:1337/uploads/4d9z1eiyo2gmf6gd7xhp_823ae510e8.png",
  "http://localhost:1337/uploads/thumbnail_4d9z1eiyo2gmf6gd7xhp_823ae510e8.png",
  "http://localhost:1337/uploads/small_4d9z1eiyo2gmf6gd7xhp_823ae510e8.png",
  "http://localhost:1337/uploads/medium_4d9z1eiyo2gmf6gd7xhp_823ae510e8.png",
  "http://localhost:1337/uploads/large_4d9z1eiyo2gmf6gd7xhp_823ae510e8.png",
]
`;

exports[`browser (ssr: true) > twicpics should render images 1`] = `
[
  "https://demo.twic.pics/football.jpg",
  "https://demo.twic.pics/football.jpg?twic=v1/cover=501x501",
  "https://demo.twic.pics/football.jpg?twic=v1/inside=501x1001",
  "https://demo.twic.pics/football.jpg?twic=v1/resize=501x1001",
  "https://demo.twic.pics/football.jpg?twic=v1/contain=501x501",
  "https://demo.twic.pics/cat_1x1.jpg?twic=v1/background=red/contain=300x600",
  "https://demo.twic.pics/football.jpg?twic=v1/contain=1001x1001",
  "https://demo.twic.pics/icon-500.png?twic=v1/background=red/cover=501x-",
  "https://demo.twic.pics/peacock.jpg?twic=v1/output=avif/cover=501x-",
  "https://demo.twic.pics/peacock.jpg?twic=v1/output=preview/cover=501x-",
  "https://demo.twic.pics/peacock.jpg?twic=v1/output=maincolor/cover=501x-",
  "https://demo.twic.pics/peacock.jpg?twic=v1/output=blank/cover=501x-",
  "https://demo.twic.pics/peacock.jpg?twic=v1/quality=100",
  "https://demo.twic.pics/peacock.jpg?twic=v1/quality=1",
  "https://demo.twic.pics/woman-14.jpg",
  "https://demo.twic.pics/woman-14.jpg?twic=v1/focus=auto/cover=501x301",
  "https://demo.twic.pics/woman-14.jpg?twic=v1/focus=auto/contain=501x-",
  "https://demo.twic.pics/cat_1x1.jpg?twic=v1/cover=4:3/resize=300x-",
  "https://demo.twic.pics/cat.jpg?twic=v1/crop=500x100",
  "https://demo.twic.pics/cat.jpg?twic=v1/crop=500x100@700x400/cover=501x-",
  "https://demo.twic.pics/cat.jpg?twic=v1/focus=auto/crop=500x100/cover=501x-",
  "https://demo.twic.pics/cat_1x1.jpg?twic=v1/focus=auto/crop=500x500",
  "https://demo.twic.pics/football.jpg?twic=v1/focus=auto/cover=1:1",
  "https://demo.twic.pics/puppy.jpg?twic=v1/flip=both/cover=501x-",
  "https://demo.twic.pics/peacock.jpg?twic=v1/truecolor=true/output=png",
  "https://demo.twic.pics/peacock.jpg?twic=v1/truecolor=false/output=png",
  "https://demo.twic.pics/man-13.jpg?twic=v1/turn=left/output=png",
  "https://demo.twic.pics/man-13.jpg?twic=v1/turn=80/output=png",
  "https://demo.twic.pics/man-13.jpg?twic=v1/turn=90/output=png",
  "https://demo.twic.pics/cherry-3.jpg?twic=v1/focus=auto/zoom=1.5/output=png/cover=501x-",
  "https://demo.twic.pics/cherry-3.jpg?twic=v1/focus=auto/zoom=3/output=png/cover=501x-",
  "https://demo.twic.pics/football.jpg?twic=v1/cover=16:9/focus=auto/turn=left",
  "https://demo.twic.pics/football.jpg?twic=v1/focus=auto/turn=left/cover=16:9",
]
`;

exports[`browser (ssr: true) > twicpics should render images 2`] = `
[
  "https://demo.twic.pics/football.jpg",
  "https://demo.twic.pics/football.jpg?twic=v1/cover=501x501",
  "https://demo.twic.pics/football.jpg?twic=v1/inside=501x1001",
  "https://demo.twic.pics/football.jpg?twic=v1/resize=501x1001",
  "https://demo.twic.pics/football.jpg?twic=v1/contain=501x501",
  "https://demo.twic.pics/cat_1x1.jpg?twic=v1/background=red/contain=300x600",
  "https://demo.twic.pics/football.jpg?twic=v1/contain=1001x1001",
  "https://demo.twic.pics/icon-500.png?twic=v1/background=red/cover=501x-",
  "https://demo.twic.pics/peacock.jpg?twic=v1/output=avif/cover=501x-",
  "https://demo.twic.pics/peacock.jpg?twic=v1/output=preview/cover=501x-",
  "https://demo.twic.pics/peacock.jpg?twic=v1/output=maincolor/cover=501x-",
  "https://demo.twic.pics/peacock.jpg?twic=v1/output=blank/cover=501x-",
  "https://demo.twic.pics/peacock.jpg?twic=v1/quality=100",
  "https://demo.twic.pics/peacock.jpg?twic=v1/quality=1",
  "https://demo.twic.pics/woman-14.jpg",
  "https://demo.twic.pics/woman-14.jpg?twic=v1/focus=auto/cover=501x301",
  "https://demo.twic.pics/woman-14.jpg?twic=v1/focus=auto/contain=501x-",
  "https://demo.twic.pics/cat_1x1.jpg?twic=v1/cover=4:3/resize=300x-",
  "https://demo.twic.pics/cat.jpg?twic=v1/crop=500x100",
  "https://demo.twic.pics/cat.jpg?twic=v1/crop=500x100@700x400/cover=501x-",
  "https://demo.twic.pics/cat.jpg?twic=v1/focus=auto/crop=500x100/cover=501x-",
  "https://demo.twic.pics/cat_1x1.jpg?twic=v1/focus=auto/crop=500x500",
  "https://demo.twic.pics/football.jpg?twic=v1/focus=auto/cover=1:1",
  "https://demo.twic.pics/puppy.jpg?twic=v1/flip=both/cover=501x-",
  "https://demo.twic.pics/peacock.jpg?twic=v1/truecolor=true/output=png",
  "https://demo.twic.pics/peacock.jpg?twic=v1/truecolor=false/output=png",
  "https://demo.twic.pics/man-13.jpg?twic=v1/turn=left/output=png",
  "https://demo.twic.pics/man-13.jpg?twic=v1/turn=80/output=png",
  "https://demo.twic.pics/man-13.jpg?twic=v1/turn=90/output=png",
  "https://demo.twic.pics/cherry-3.jpg?twic=v1/focus=auto/zoom=1.5/output=png/cover=501x-",
  "https://demo.twic.pics/cherry-3.jpg?twic=v1/focus=auto/zoom=3/output=png/cover=501x-",
  "https://demo.twic.pics/football.jpg?twic=v1/cover=16:9/focus=auto/turn=left",
  "https://demo.twic.pics/football.jpg?twic=v1/focus=auto/turn=left/cover=16:9",
]
`;

exports[`browser (ssr: true) > unsplash should render images 1`] = `
[
  "https://images.unsplash.com/photo-1606112219348-204d7d8b94ee?w=300&h=300&fm=auto&q=75&fit=crop",
  "https://images.unsplash.com/photo-1532236204992-f5e85c024202?crop=entropy&cs=tinysrgb&ixid=MnwxOTgwMDZ8MHwxfHNlYXJjaHwyOHx8dG9reW98ZW58MHx8fHwxNjczNzk3MDIz&w=300&h=300&fm=auto&q=75&fit=crop",
]
`;

exports[`browser (ssr: true) > unsplash should render images 2`] = `
[
  "https://images.unsplash.com/photo-1606112219348-204d7d8b94ee?w=300&h=300&fm=auto&q=75&fit=crop",
  "https://images.unsplash.com/photo-1532236204992-f5e85c024202?crop=entropy&cs=tinysrgb&ixid=MnwxOTgwMDZ8MHwxfHNlYXJjaHwyOHx8dG9reW98ZW58MHx8fHwxNjczNzk3MDIz&w=300&h=300&fm=auto&q=75&fit=crop",
]
`;

exports[`browser (ssr: true) > vercel should render images 1`] = `
[
  "https://image-component.nextjs.gallery/_next/image?url=/colors.jpg&w=750&q=75",
]
`;

exports[`browser (ssr: true) > vercel should render images 2`] = `
[
  "https://image-component.nextjs.gallery/_next/image?url=/colors.jpg&w=750&q=75",
]
`;

exports[`browser (ssr: true) > wagtail should render images 1`] = `
[
  "https://cms.demo.nypr.digital/images/329944/original|format-webp|webpquality-70",
  "https://cms.demo.nypr.digital/images/329944/fill-600x600-c0|format-webp|webpquality-70",
  "https://cms.demo.nypr.digital/images/329944/width-250|format-webp|webpquality-70",
  "https://cms.demo.nypr.digital/images/329944/height-250|format-webp|webpquality-70",
  "https://cms.demo.nypr.digital/images/329944/fill-600x600-c0|format-jpeg|jpegquality-70",
  "https://cms.demo.nypr.digital/images/329944/fill-600x600-c0|format-jpeg|jpegquality-2",
  "https://cms.demo.nypr.digital/images/329944/fill-200x200-c100|format-webp|webpquality-70",
]
`;

exports[`browser (ssr: true) > wagtail should render images 2`] = `
[
  "https://cms.demo.nypr.digital/images/329944/original%7Cformat-webp%7Cwebpquality-70",
  "https://cms.demo.nypr.digital/images/329944/fill-600x600-c0%7Cformat-webp%7Cwebpquality-70",
  "https://cms.demo.nypr.digital/images/329944/width-250%7Cformat-webp%7Cwebpquality-70",
  "https://cms.demo.nypr.digital/images/329944/height-250%7Cformat-webp%7Cwebpquality-70",
  "https://cms.demo.nypr.digital/images/329944/fill-600x600-c0%7Cformat-jpeg%7Cjpegquality-70",
  "https://cms.demo.nypr.digital/images/329944/fill-600x600-c0%7Cformat-jpeg%7Cjpegquality-2",
  "https://cms.demo.nypr.digital/images/329944/fill-200x200-c100%7Cformat-webp%7Cwebpquality-70",
]
`;
