// Jest Snapshot v1, https://goo.gl/fbAQLP

exports[`Renders simple image Matches snapshot 1`] = `"<img src=\\"/image.png\\" width=\\"200\\" height=\\"200\\" sizes=\\"(max-width: 500px) 500px, 900px\\" srcset=\\"/image.png 500w, /image.png 900w\\">"`;

exports[`Renders simple image registers an observer for lazy loading 1`] = `"<img src=\\"data:image/gif;base64,R0lGODlhAQABAIAAAAAAAP///yH5BAEAAAAALAAAAAABAAEAAAIBRAA7\\" width=\\"200\\" height=\\"200\\" loading=\\"lazy\\" sizes=\\"(max-width: 500px) 500px, 900px\\" srcset=\\"/image.png 500w, /image.png 900w\\">"`;

exports[`Renders simple image registers an observer for lazy loading 2`] = `"<img src=\\"/image.png\\" width=\\"200\\" height=\\"200\\" loading=\\"lazy\\" sizes=\\"(max-width: 500px) 500px, 900px\\" srcset=\\"/image.png 500w, /image.png 900w\\">"`;
