// Jest Snapshot v1, https://goo.gl/fbAQLP

exports[`Renders simple image Matches snapshot 1`] = `
"<picture>
  <source type=\\"image/webp\\" srcset=\\"/image.webp 500w, /image.webp 900w\\" sizes=\\"(max-width: 500px) 500px, 900px\\"> <img src=\\"/image.png\\" srcset=\\"/image.png 500w, /image.png 900w\\" sizes=\\"(max-width: 500px) 500px, 900px\\" width=\\"200\\" height=\\"200\\" loading=\\"lazy\\"></picture>"
`;
