// Jest Snapshot v1, https://goo.gl/fbAQLP

exports[`Renders simple image Matches snapshot 1`] = `
"<picture>
  <source type=\\"image/webp\\" srcset=\\"/_custom/image.webp 500w, /_custom/image.webp 900w\\" sizes=\\"(max-width: 500px) 500px, 900px\\"> <img src=\\"/_custom/image.png\\" srcset=\\"/_custom/image.png 500w, /_custom/image.png 900w\\" sizes=\\"(max-width: 500px) 500px, 900px\\" width=\\"200\\" height=\\"200\\" loading=\\"lazy\\"></picture>"
`;
